2026-09-28T22:56:41.831+05:30  INFO 11228 --- [user-service] [restartedMain] com.user.UserServiceApplication          : Starting UserServiceApplication using Java 17.0.16 with PID 11228 (D:\E-Commerce-Microservices-App\user-service\target\classes started by HP in D:\E-Commerce-Microservices-App\user-service)
2026-09-28T22:56:41.863+05:30 DEBUG 11228 --- [user-service] [restartedMain] com.user.UserServiceApplication          : Running with Spring Boot v4.1.1, Spring v7.0.9
2026-09-28T22:56:41.873+05:30  INFO 11228 --- [user-service] [restartedMain] com.user.UserServiceApplication          : No active profile set, falling back to 1 default profile: "default"
2026-09-28T22:56:42.008+05:30  INFO 11228 --- [user-service] [restartedMain] .e.DevToolsPropertyDefaultsPostProcessor : Devtools property defaults active! Set 'spring.devtools.add-properties' to 'false' to disable
2026-09-28T22:56:42.027+05:30  INFO 11228 --- [user-service] [restartedMain] .e.DevToolsPropertyDefaultsPostProcessor : For additional web related logging consider setting the 'logging.level.web' property to 'DEBUG'
2026-09-28T22:56:43.115+05:30  INFO 11228 --- [user-service] [restartedMain] .s.d.r.c.RepositoryConfigurationDelegate : Bootstrapping Spring Data JPA repositories in DEFAULT mode.
2026-09-28T22:56:43.189+05:30  INFO 11228 --- [user-service] [restartedMain] .s.d.r.c.RepositoryConfigurationDelegate : Finished Spring Data repository scanning in 61 ms. Found 1 JPA repository interface.
2026-09-28T22:56:43.896+05:30  INFO 11228 --- [user-service] [restartedMain] o.s.boot.tomcat.TomcatWebServer          : Tomcat initialized with port 8080 (http)
2026-09-28T22:56:43.915+05:30  INFO 11228 --- [user-service] [restartedMain] o.apache.catalina.core.StandardService   : Starting service [Tomcat]
2026-09-28T22:56:43.916+05:30  INFO 11228 --- [user-service] [restartedMain] o.apache.catalina.core.StandardEngine    : Starting Servlet engine: [Apache Tomcat/11.0.24]
2026-09-28T22:56:44.008+05:30  INFO 11228 --- [user-service] [restartedMain] b.w.c.s.WebApplicationContextInitializer : Root WebApplicationContext: initialization completed in 1977 ms
2026-09-28T22:56:44.207+05:30  INFO 11228 --- [user-service] [restartedMain] org.hibernate.orm.jpa                    : HHH008540: Processing PersistenceUnitInfo [name: default]
2026-09-28T22:56:44.282+05:30  INFO 11228 --- [user-service] [restartedMain] org.hibernate.orm.core                   : HHH000001: Hibernate ORM core version 7.4.5.Final
2026-09-28T22:56:44.795+05:30  INFO 11228 --- [user-service] [restartedMain] o.s.o.j.p.SpringPersistenceUnitInfo      : No LoadTimeWeaver setup: ignoring JPA class transformer
2026-09-28T22:56:44.849+05:30  INFO 11228 --- [user-service] [restartedMain] com.zaxxer.hikari.HikariDataSource       : HikariPool-1 - Starting...
2026-09-28T22:56:45.319+05:30  INFO 11228 --- [user-service] [restartedMain] com.zaxxer.hikari.pool.HikariPool        : HikariPool-1 - Added connection com.mysql.cj.jdbc.ConnectionImpl@3a7ef7ea
2026-09-28T22:56:45.328+05:30  INFO 11228 --- [user-service] [restartedMain] com.zaxxer.hikari.HikariDataSource       : HikariPool-1 - Start completed.
2026-09-28T22:56:45.405+05:30  WARN 11228 --- [user-service] [restartedMain] org.hibernate.orm.deprecation            : HHH90000025: MySQLDialect does not need to be specified explicitly using 'hibernate.dialect' (remove the property setting and it will be selected by default)
2026-09-28T22:56:45.428+05:30  INFO 11228 --- [user-service] [restartedMain] org.hibernate.orm.connections.pooling    : HHH10001005: Database info:
	Database JDBC URL [jdbc:mysql://localhost:3306/userdb]
	Database driver: MySQL Connector/J
	Database dialect: MySQLDialect
	Database version: 8.0.27
	Default catalog/schema: userdb/undefined
	Autocommit mode: undefined/unknown
	Isolation level: REPEATABLE_READ [default REPEATABLE_READ]
	JDBC fetch size: none
	Pool: DataSourceConnectionProvider
	Minimum pool size: undefined/unknown
	Maximum pool size: undefined/unknown
2026-09-28T22:56:46.493+05:30  INFO 11228 --- [user-service] [restartedMain] org.hibernate.orm.core                   : HHH000489: No JTA platform available (set 'hibernate.transaction.jta.platform' to enable JTA platform integration)
2026-09-28T22:56:46.586+05:30  INFO 11228 --- [user-service] [restartedMain] j.LocalContainerEntityManagerFactoryBean : Initialized JPA EntityManagerFactory for persistence unit 'default'
2026-09-28T22:56:46.714+05:30  INFO 11228 --- [user-service] [restartedMain] o.s.d.j.r.query.QueryEnhancerFactories   : Hibernate is in classpath; If applicable, HQL parser will be used.
2026-09-28T22:56:47.015+05:30  WARN 11228 --- [user-service] [restartedMain] JpaBaseConfiguration$JpaWebConfiguration : spring.jpa.open-in-view is enabled by default. Therefore, database queries may be performed during view rendering. Explicitly configure spring.jpa.open-in-view to disable this warning
2026-09-28T22:56:47.342+05:30  WARN 11228 --- [user-service] [restartedMain] ConfigServletWebServerApplicationContext : Exception encountered during context initialization - cancelling refresh attempt: org.springframework.context.ApplicationContextException: Failed to start bean 'webServerStartStop'
2026-09-28T22:56:47.343+05:30  INFO 11228 --- [user-service] [restartedMain] j.LocalContainerEntityManagerFactoryBean : Closing JPA EntityManagerFactory for persistence unit 'default'
2026-09-28T22:56:47.346+05:30  INFO 11228 --- [user-service] [restartedMain] com.zaxxer.hikari.HikariDataSource       : HikariPool-1 - Shutdown initiated...
2026-09-28T22:56:47.359+05:30  INFO 11228 --- [user-service] [restartedMain] com.zaxxer.hikari.HikariDataSource       : HikariPool-1 - Shutdown completed.
2026-09-28T22:56:47.376+05:30  INFO 11228 --- [user-service] [restartedMain] .s.b.a.l.ConditionEvaluationReportLogger : 

Error starting ApplicationContext. To display the condition evaluation report re-run your application with 'debug' enabled.
2026-09-28T22:56:47.404+05:30 ERROR 11228 --- [user-service] [restartedMain] o.s.b.d.LoggingFailureAnalysisReporter   : 

***************************
APPLICATION FAILED TO START
***************************

Description:

Web server failed to start. Port 8080 was already in use.

Action:

Identify and stop the process that's listening on port 8080 or configure this application to listen on another port.

